0 verbose cli /usr/local/bin/node /usr/local/bin/npm
1 info using npm@11.16.0
2 info using node@v24.18.0
3 silly config load:file:/usr/local/lib/node_modules/npm/npmrc
4 silly config load:file:/Users/parchno/Projekte/Erinnerungsapp/.npmrc
5 silly config load:file:/Users/parchno/.npmrc
6 silly config load:file:/usr/local/etc/npmrc
7 verbose title npm install @capawesome-team/capacitor-datetime-picker
8 verbose argv "install" "@capawesome-team/capacitor-datetime-picker" "--save" "--cache" "./npm-cache" "--no-audit" "--no-fund"
9 verbose logfile logs-max:10 dir:/Users/parchno/Projekte/Erinnerungsapp/npm-cache/_logs/2026-07-22T10_11_01_880Z-
10 verbose logfile /Users/parchno/Projekte/Erinnerungsapp/npm-cache/_logs/2026-07-22T10_11_01_880Z-debug-0.log
11 silly logfile done cleaning log files
12 silly packumentCache heap:4496293888 maxSize:1124073472 maxEntrySize:562036736
13 silly idealTree buildDeps
14 silly fetch manifest @capawesome-team/capacitor-datetime-picker@*
15 silly packumentCache full:https://registry.npmjs.org/@capawesome-team%2fcapacitor-datetime-picker cache-miss
16 http fetch GET 200 https://registry.npmjs.org/npm 329ms
17 http fetch GET 200 https://registry.npmjs.org/@capawesome-team%2fcapacitor-datetime-picker 209ms (cache miss)
18 silly packumentCache full:https://registry.npmjs.org/@capawesome-team%2fcapacitor-datetime-picker set size:undefined disposed:false
19 silly fetch manifest @capacitor/core@^6.0.0
20 silly packumentCache full:https://registry.npmjs.org/@capacitor%2fcore cache-miss
21 http fetch GET 200 https://registry.npmjs.org/@capacitor%2fcore 145ms (cache miss)
22 silly packumentCache full:https://registry.npmjs.org/@capacitor%2fcore set size:undefined disposed:false
23 silly fetch manifest @capacitor/core@>=8.0.0
24 silly packumentCache full:https://registry.npmjs.org/@capacitor%2fcore cache-miss
25 http cache https://registry.npmjs.org/@capacitor%2fcore 30ms (cache hit)
26 silly packumentCache full:https://registry.npmjs.org/@capacitor%2fcore set size:4642555 disposed:false
27 verbose stack Error: unable to resolve dependency tree
27 verbose stack     at #failPeerConflict (/usr/local/lib/node_modules/npm/node_modules/@npmcli/arborist/lib/arborist/build-ideal-tree.js:1496:25)
27 verbose stack     at #loadPeerSet (/usr/local/lib/node_modules/npm/node_modules/@npmcli/arborist/lib/arborist/build-ideal-tree.js:1462:33)
27 verbose stack     at async #buildDepStep (/usr/local/lib/node_modules/npm/node_modules/@npmcli/arborist/lib/arborist/build-ideal-tree.js:978:15)
27 verbose stack     at async Arborist.buildIdealTree (/usr/local/lib/node_modules/npm/node_modules/@npmcli/arborist/lib/arborist/build-ideal-tree.js:178:7)
27 verbose stack     at async Promise.all (index 1)
27 verbose stack     at async Arborist.reify (/usr/local/lib/node_modules/npm/node_modules/@npmcli/arborist/lib/arborist/reify.js:112:5)
27 verbose stack     at async Install.exec (/usr/local/lib/node_modules/npm/lib/commands/install.js:157:5)
27 verbose stack     at async Npm.exec (/usr/local/lib/node_modules/npm/lib/npm.js:193:9)
27 verbose stack     at async module.exports (/usr/local/lib/node_modules/npm/lib/cli/entry.js:67:5)
28 error code ERESOLVE
29 error ERESOLVE unable to resolve dependency tree
30 error
31 error While resolving: erinnerungsapp@0.1.0
31 error Found: @capacitor/core@6.2.1[2m[22m
31 error [2mnode_modules/@capacitor/core[22m
31 error   @capacitor/core@"^6.0.0" from the root project
31 error
31 error Could not resolve dependency:
31 error [95mpeer[39m @capacitor/core@">=8.0.0" from @capawesome-team/capacitor-datetime-picker@8.1.1[2m[22m
31 error [2mnode_modules/@capawesome-team/capacitor-datetime-picker[22m
31 error   @capawesome-team/capacitor-datetime-picker@"*" from the root project
31 error
31 error Fix the upstream dependency conflict, or retry this command with --force or --legacy-peer-deps to accept an incorrect (and potentially broken) dependency resolution.
32 error
32 error
32 error For a full report see:
32 error /Users/parchno/Projekte/Erinnerungsapp/npm-cache/_logs/2026-07-22T10_11_01_880Z-eresolve-report.txt
33 silly unfinished npm timer reify 1784715062846
34 silly unfinished npm timer reify:loadTrees 1784715062847
35 silly unfinished npm timer idealTree:buildDeps 1784715062957
36 silly unfinished npm timer idealTree:#root 1784715062958
37 verbose cwd /Users/parchno/Projekte/Erinnerungsapp
38 verbose os Darwin 24.6.0
39 verbose node v24.18.0
40 verbose npm  v11.16.0
41 notice
41 notice New [31mmajor[39m version of npm available! [31m11.16.0[39m -> [34m12.0.1[39m
41 notice Changelog: [34mhttps://github.com/npm/cli/releases/tag/v12.0.1[39m
41 notice To update run: [4mnpm install -g npm@12.0.1[24m
41 notice  { force: true, Symbol(proc-log.meta): true }
42 verbose exit 1
43 verbose code 1
44 error A complete log of this run can be found in: /Users/parchno/Projekte/Erinnerungsapp/npm-cache/_logs/2026-07-22T10_11_01_880Z-debug-0.log
