0 verbose cli /usr/local/bin/node /usr/local/bin/npm
1 info using npm@11.16.0
2 info using node@v24.18.0
3 silly config load:file:/usr/local/lib/node_modules/npm/npmrc
4 silly config load:file:/Users/parchno/Projekte/Erinnerungsapp/.npmrc
5 silly config load:file:/Users/parchno/.npmrc
6 silly config load:file:/usr/local/etc/npmrc
7 verbose title npm install @capawesome-team/capacitor-datetime-picker
8 verbose argv "install" "@capawesome-team/capacitor-datetime-picker" "--save" "--cache" "./npm-cache" "--no-audit" "--no-fund"
9 verbose logfile logs-max:10 dir:/Users/parchno/Projekte/Erinnerungsapp/npm-cache/_logs/2026-07-22T10_11_28_879Z-
10 verbose logfile /Users/parchno/Projekte/Erinnerungsapp/npm-cache/_logs/2026-07-22T10_11_28_879Z-debug-0.log
11 silly logfile done cleaning log files
12 silly packumentCache heap:4496293888 maxSize:1124073472 maxEntrySize:562036736
13 silly idealTree buildDeps
14 silly fetch manifest @capawesome-team/capacitor-datetime-picker@*
15 silly packumentCache full:https://registry.npmjs.org/@capawesome-team%2fcapacitor-datetime-picker cache-miss
16 http cache https://registry.npmjs.org/@capawesome-team%2fcapacitor-datetime-picker 74ms (cache hit)
17 silly packumentCache full:https://registry.npmjs.org/@capawesome-team%2fcapacitor-datetime-picker set size:64998 disposed:false
18 silly fetch manifest @capacitor/core@^8.4.1
19 silly packumentCache full:https://registry.npmjs.org/@capacitor%2fcore cache-miss
20 http cache https://registry.npmjs.org/@capacitor%2fcore 22ms (cache hit)
21 silly packumentCache full:https://registry.npmjs.org/@capacitor%2fcore set size:4642555 disposed:false
22 silly placeDep ROOT @capawesome-team/capacitor-datetime-picker@8.1.1 OK for: erinnerungsapp@0.1.0 want: *
23 silly reify moves {}
24 http cache @capawesome-team/capacitor-datetime-picker@https://registry.npmjs.org/@capawesome-team/capacitor-datetime-picker/-/capacitor-datetime-picker-8.1.1.tgz 0ms (cache hit)
25 silly tarball no local data for @capawesome-team/capacitor-datetime-picker@https://registry.npmjs.org/@capawesome-team/capacitor-datetime-picker/-/capacitor-datetime-picker-8.1.1.tgz. Extracting by manifest.
26 http fetch GET 200 https://registry.npmjs.org/@capawesome-team/capacitor-datetime-picker/-/capacitor-datetime-picker-8.1.1.tgz 218ms (cache miss)
27 silly ADD node_modules/@capawesome-team/capacitor-datetime-picker
28 verbose cwd /Users/parchno/Projekte/Erinnerungsapp
29 verbose os Darwin 24.6.0
30 verbose node v24.18.0
31 verbose npm  v11.16.0
32 verbose exit 0
33 info ok
