0 verbose cli /usr/local/bin/node /usr/local/bin/npm
1 info using npm@11.16.0
2 info using node@v24.18.0
3 silly config load:file:/usr/local/lib/node_modules/npm/npmrc
4 silly config load:file:/Users/parchno/Projekte/Erinnerungsapp/.npmrc
5 silly config load:file:/Users/parchno/.npmrc
6 silly config load:file:/usr/local/etc/npmrc
7 verbose title npm install @capacitor/cli@8.4.1
8 verbose argv "install" "@capacitor/cli@8.4.1" "--save-dev" "--cache" "./npm-cache" "--no-audit" "--no-fund"
9 verbose logfile logs-max:10 dir:/Users/parchno/Projekte/Erinnerungsapp/npm-cache/_logs/2026-07-22T10_11_23_365Z-
10 verbose logfile /Users/parchno/Projekte/Erinnerungsapp/npm-cache/_logs/2026-07-22T10_11_23_365Z-debug-0.log
11 silly logfile done cleaning log files
12 silly packumentCache heap:4496293888 maxSize:1124073472 maxEntrySize:562036736
13 silly idealTree buildDeps
14 silly fetch manifest @capacitor/cli@8.4.1
15 silly packumentCache full:https://registry.npmjs.org/@capacitor%2fcli cache-miss
16 http fetch GET 200 https://registry.npmjs.org/@capacitor%2fcli 1361ms (cache miss)
17 silly packumentCache full:https://registry.npmjs.org/@capacitor%2fcli set size:undefined disposed:false
18 silly placeDep ROOT @capacitor/cli@8.4.1 REPLACE for: erinnerungsapp@0.1.0 want: 8.4.1
19 silly fetch manifest tar@^7.5.3
20 silly packumentCache full:https://registry.npmjs.org/tar cache-miss
21 silly fetch manifest rimraf@^6.0.1
22 silly packumentCache full:https://registry.npmjs.org/rimraf cache-miss
23 silly fetch manifest xml2js@^0.6.2
24 silly packumentCache full:https://registry.npmjs.org/xml2js cache-miss
25 silly fetch manifest fs-extra@^11.2.0
26 silly packumentCache full:https://registry.npmjs.org/fs-extra cache-miss
27 silly fetch manifest commander@^12.1.0
28 silly packumentCache full:https://registry.npmjs.org/commander cache-miss
29 silly fetch manifest @ionic/utils-subprocess@^3.0.1
30 silly packumentCache full:https://registry.npmjs.org/@ionic%2futils-subprocess cache-miss
31 http fetch GET 200 https://registry.npmjs.org/tar 150ms (cache miss)
32 silly packumentCache full:https://registry.npmjs.org/tar set size:undefined disposed:false
33 http fetch GET 200 https://registry.npmjs.org/fs-extra 179ms (cache miss)
34 silly packumentCache full:https://registry.npmjs.org/fs-extra set size:undefined disposed:false
35 http fetch GET 200 https://registry.npmjs.org/commander 195ms (cache miss)
36 silly packumentCache full:https://registry.npmjs.org/commander set size:undefined disposed:false
37 http fetch GET 200 https://registry.npmjs.org/rimraf 267ms (cache miss)
38 silly packumentCache full:https://registry.npmjs.org/rimraf set size:undefined disposed:false
39 http fetch GET 200 https://registry.npmjs.org/xml2js 284ms (cache miss)
40 silly packumentCache full:https://registry.npmjs.org/xml2js set size:undefined disposed:false
41 http fetch GET 200 https://registry.npmjs.org/@ionic%2futils-subprocess 547ms (cache miss)
42 silly packumentCache full:https://registry.npmjs.org/@ionic%2futils-subprocess set size:undefined disposed:false
43 silly placeDep ROOT @ionic/utils-subprocess@3.0.1 OK for: @capacitor/cli@8.4.1 want: ^3.0.1
44 silly placeDep ROOT commander@12.1.0 OK for: @capacitor/cli@8.4.1 want: ^12.1.0
45 silly placeDep node_modules/@capacitor/cli fs-extra@11.3.6 OK for: @capacitor/cli@8.4.1 want: ^11.2.0
46 silly placeDep ROOT rimraf@6.1.3 OK for: @capacitor/cli@8.4.1 want: ^6.0.1
47 silly placeDep ROOT tar@7.5.21 OK for: @capacitor/cli@8.4.1 want: ^7.5.3
48 silly placeDep ROOT xml2js@0.6.2 OK for: @capacitor/cli@8.4.1 want: ^0.6.2
49 silly fetch manifest @ionic/utils-array@2.1.6
50 silly packumentCache full:https://registry.npmjs.org/@ionic%2futils-array cache-miss
51 silly fetch manifest @ionic/utils-process@2.1.12
52 silly packumentCache full:https://registry.npmjs.org/@ionic%2futils-process cache-miss
53 silly fetch manifest @ionic/utils-stream@3.1.7
54 silly packumentCache full:https://registry.npmjs.org/@ionic%2futils-stream cache-miss
55 silly fetch manifest glob@^13.0.3
56 silly packumentCache full:https://registry.npmjs.org/glob cache-miss
57 silly fetch manifest package-json-from-dist@^1.0.1
58 silly packumentCache full:https://registry.npmjs.org/package-json-from-dist cache-miss
59 silly fetch manifest @isaacs/fs-minipass@^4.0.0
60 silly packumentCache full:https://registry.npmjs.org/@isaacs%2ffs-minipass cache-miss
61 silly fetch manifest chownr@^3.0.0
62 silly packumentCache full:https://registry.npmjs.org/chownr cache-miss
63 silly fetch manifest minipass@^7.1.2
64 silly packumentCache full:https://registry.npmjs.org/minipass cache-miss
65 silly fetch manifest minizlib@^3.1.0
66 silly packumentCache full:https://registry.npmjs.org/minizlib cache-miss
67 silly fetch manifest yallist@^5.0.0
68 silly packumentCache full:https://registry.npmjs.org/yallist cache-miss
69 silly fetch manifest xmlbuilder@~11.0.0
70 silly packumentCache full:https://registry.npmjs.org/xmlbuilder cache-miss
71 http fetch GET 200 https://registry.npmjs.org/package-json-from-dist 74ms (cache miss)
72 silly packumentCache full:https://registry.npmjs.org/package-json-from-dist set size:undefined disposed:false
73 http fetch GET 200 https://registry.npmjs.org/@isaacs%2ffs-minipass 77ms (cache miss)
74 silly packumentCache full:https://registry.npmjs.org/@isaacs%2ffs-minipass set size:undefined disposed:false
75 http fetch GET 200 https://registry.npmjs.org/chownr 94ms (cache miss)
76 silly packumentCache full:https://registry.npmjs.org/chownr set size:undefined disposed:false
77 http fetch GET 200 https://registry.npmjs.org/minizlib 105ms (cache miss)
78 silly packumentCache full:https://registry.npmjs.org/minizlib set size:undefined disposed:false
79 http fetch GET 200 https://registry.npmjs.org/xmlbuilder 118ms (cache miss)
80 silly packumentCache full:https://registry.npmjs.org/xmlbuilder set size:undefined disposed:false
81 http fetch GET 200 https://registry.npmjs.org/minipass 128ms (cache miss)
82 silly packumentCache full:https://registry.npmjs.org/minipass set size:undefined disposed:false
83 http fetch GET 200 https://registry.npmjs.org/glob 223ms (cache miss)
84 silly packumentCache full:https://registry.npmjs.org/glob set size:undefined disposed:false
85 http fetch GET 200 https://registry.npmjs.org/yallist 258ms (cache miss)
86 silly packumentCache full:https://registry.npmjs.org/yallist set size:undefined disposed:false
87 http fetch GET 200 https://registry.npmjs.org/@ionic%2futils-array 422ms (cache miss)
88 silly packumentCache full:https://registry.npmjs.org/@ionic%2futils-array set size:undefined disposed:false
89 http fetch GET 200 https://registry.npmjs.org/@ionic%2futils-stream 437ms (cache miss)
90 silly packumentCache full:https://registry.npmjs.org/@ionic%2futils-stream set size:undefined disposed:false
91 http fetch GET 200 https://registry.npmjs.org/@ionic%2futils-process 456ms (cache miss)
92 silly packumentCache full:https://registry.npmjs.org/@ionic%2futils-process set size:undefined disposed:false
93 silly placeDep ROOT @ionic/utils-array@2.1.6 OK for: @ionic/utils-subprocess@3.0.1 want: 2.1.6
94 silly placeDep ROOT @ionic/utils-process@2.1.12 OK for: @ionic/utils-subprocess@3.0.1 want: 2.1.12
95 silly placeDep ROOT @ionic/utils-stream@3.1.7 OK for: @ionic/utils-subprocess@3.0.1 want: 3.1.7
96 silly fetch manifest @ionic/utils-object@2.1.6
97 silly packumentCache full:https://registry.npmjs.org/@ionic%2futils-object cache-miss
98 silly fetch manifest tree-kill@^1.2.2
99 silly packumentCache full:https://registry.npmjs.org/tree-kill cache-miss
100 http fetch GET 200 https://registry.npmjs.org/tree-kill 197ms (cache miss)
101 silly packumentCache full:https://registry.npmjs.org/tree-kill set size:undefined disposed:false
102 http fetch GET 200 https://registry.npmjs.org/@ionic%2futils-object 452ms (cache miss)
103 silly packumentCache full:https://registry.npmjs.org/@ionic%2futils-object set size:undefined disposed:false
104 silly placeDep ROOT @ionic/utils-object@2.1.6 OK for: @ionic/utils-process@2.1.12 want: 2.1.6
105 silly placeDep ROOT tree-kill@1.2.2 OK for: @ionic/utils-process@2.1.12 want: ^1.2.2
106 silly placeDep ROOT glob@13.0.6 OK for: rimraf@6.1.3 want: ^13.0.3
107 silly placeDep ROOT package-json-from-dist@1.0.1 OK for: rimraf@6.1.3 want: ^1.0.1
108 silly fetch manifest minimatch@^10.2.2
109 silly packumentCache full:https://registry.npmjs.org/minimatch cache-miss
110 silly fetch manifest minipass@^7.1.3
111 silly packumentCache full:https://registry.npmjs.org/minipass cache-miss
112 silly fetch manifest path-scurry@^2.0.2
113 silly packumentCache full:https://registry.npmjs.org/path-scurry cache-miss
114 http cache https://registry.npmjs.org/minipass 14ms (cache hit)
115 silly packumentCache full:https://registry.npmjs.org/minipass set size:276925 disposed:false
116 http fetch GET 200 https://registry.npmjs.org/path-scurry 86ms (cache miss)
117 silly packumentCache full:https://registry.npmjs.org/path-scurry set size:undefined disposed:false
118 http fetch GET 200 https://registry.npmjs.org/minimatch 95ms (cache miss)
119 silly packumentCache full:https://registry.npmjs.org/minimatch set size:undefined disposed:false
120 silly placeDep ROOT minimatch@10.2.5 OK for: glob@13.0.6 want: ^10.2.2
121 silly placeDep ROOT minipass@7.1.3 OK for: glob@13.0.6 want: ^7.1.3
122 silly placeDep ROOT path-scurry@2.0.2 OK for: glob@13.0.6 want: ^2.0.2
123 silly fetch manifest brace-expansion@^5.0.5
124 silly packumentCache full:https://registry.npmjs.org/brace-expansion cache-miss
125 silly fetch manifest lru-cache@^11.0.0
126 silly packumentCache full:https://registry.npmjs.org/lru-cache cache-miss
127 http fetch GET 200 https://registry.npmjs.org/brace-expansion 69ms (cache miss)
128 silly packumentCache full:https://registry.npmjs.org/brace-expansion set size:undefined disposed:false
129 http fetch GET 200 https://registry.npmjs.org/lru-cache 76ms (cache miss)
130 silly packumentCache full:https://registry.npmjs.org/lru-cache set size:undefined disposed:false
131 silly placeDep ROOT brace-expansion@5.0.7 OK for: minimatch@10.2.5 want: ^5.0.5
132 silly fetch manifest balanced-match@^4.0.2
133 silly packumentCache full:https://registry.npmjs.org/balanced-match cache-miss
134 http fetch GET 200 https://registry.npmjs.org/balanced-match 57ms (cache miss)
135 silly packumentCache full:https://registry.npmjs.org/balanced-match set size:undefined disposed:false
136 silly placeDep node_modules/brace-expansion balanced-match@4.0.4 OK for: brace-expansion@5.0.7 want: ^4.0.2
137 silly placeDep ROOT lru-cache@11.5.2 OK for: path-scurry@2.0.2 want: ^11.0.0
138 silly placeDep ROOT @isaacs/fs-minipass@4.0.1 OK for: tar@7.5.21 want: ^4.0.0
139 silly placeDep ROOT chownr@3.0.0 OK for: tar@7.5.21 want: ^3.0.0
140 silly placeDep ROOT minizlib@3.1.0 OK for: tar@7.5.21 want: ^3.1.0
141 silly placeDep ROOT yallist@5.0.0 OK for: tar@7.5.21 want: ^5.0.0
142 silly placeDep node_modules/xml2js xmlbuilder@11.0.1 OK for: xml2js@0.6.2 want: ~11.0.0
143 silly reify mark retired [
143 silly reify   '/Users/parchno/Projekte/Erinnerungsapp/node_modules/@capacitor/cli',
143 silly reify   '/Users/parchno/Projekte/Erinnerungsapp/node_modules/.bin/cap',
143 silly reify   '/Users/parchno/Projekte/Erinnerungsapp/node_modules/.bin/capacitor'
143 silly reify ]
144 silly reify mark retired [
144 silly reify   '/Users/parchno/Projekte/Erinnerungsapp/node_modules/@ionic/utils-array'
144 silly reify ]
145 silly reify mark retired [
145 silly reify   '/Users/parchno/Projekte/Erinnerungsapp/node_modules/@ionic/utils-object'
145 silly reify ]
146 silly reify mark retired [
146 silly reify   '/Users/parchno/Projekte/Erinnerungsapp/node_modules/@ionic/utils-process'
146 silly reify ]
147 silly reify mark retired [
147 silly reify   '/Users/parchno/Projekte/Erinnerungsapp/node_modules/@ionic/utils-stream'
147 silly reify ]
148 silly reify mark retired [
148 silly reify   '/Users/parchno/Projekte/Erinnerungsapp/node_modules/@ionic/utils-subprocess'
148 silly reify ]
149 silly reify mark retired [
149 silly reify   '/Users/parchno/Projekte/Erinnerungsapp/node_modules/brace-expansion'
149 silly reify ]
150 silly reify mark retired [ '/Users/parchno/Projekte/Erinnerungsapp/node_modules/chownr' ]
151 silly reify mark retired [ '/Users/parchno/Projekte/Erinnerungsapp/node_modules/commander' ]
152 silly reify mark retired [ '/Users/parchno/Projekte/Erinnerungsapp/node_modules/fs-minipass' ]
153 silly reify mark retired [ '/Users/parchno/Projekte/Erinnerungsapp/node_modules/fs.realpath' ]
154 silly reify mark retired [ '/Users/parchno/Projekte/Erinnerungsapp/node_modules/glob' ]
155 silly reify mark retired [ '/Users/parchno/Projekte/Erinnerungsapp/node_modules/lru-cache' ]
156 silly reify mark retired [ '/Users/parchno/Projekte/Erinnerungsapp/node_modules/minimatch' ]
157 silly reify mark retired [ '/Users/parchno/Projekte/Erinnerungsapp/node_modules/minipass' ]
158 silly reify mark retired [ '/Users/parchno/Projekte/Erinnerungsapp/node_modules/minizlib' ]
159 silly reify mark retired [
159 silly reify   '/Users/parchno/Projekte/Erinnerungsapp/node_modules/mkdirp',
159 silly reify   '/Users/parchno/Projekte/Erinnerungsapp/node_modules/.bin/mkdirp'
159 silly reify ]
160 silly reify mark retired [ '/Users/parchno/Projekte/Erinnerungsapp/node_modules/path-scurry' ]
161 silly reify mark retired [
161 silly reify   '/Users/parchno/Projekte/Erinnerungsapp/node_modules/rimraf',
161 silly reify   '/Users/parchno/Projekte/Erinnerungsapp/node_modules/.bin/rimraf'
161 silly reify ]
162 silly reify mark retired [ '/Users/parchno/Projekte/Erinnerungsapp/node_modules/tar' ]
163 silly reify mark retired [ '/Users/parchno/Projekte/Erinnerungsapp/node_modules/xml2js' ]
164 silly reify mark retired [ '/Users/parchno/Projekte/Erinnerungsapp/node_modules/yallist' ]
165 silly reify moves {
165 silly reify   '/Users/parchno/Projekte/Erinnerungsapp/node_modules/@capacitor/cli': '/Users/parchno/Projekte/Erinnerungsapp/node_modules/@capacitor/.cli-0vXo7XyH',
165 silly reify   '/Users/parchno/Projekte/Erinnerungsapp/node_modules/.bin/cap': '/Users/parchno/Projekte/Erinnerungsapp/node_modules/.bin/.cap-OnnYkfGY',
165 silly reify   '/Users/parchno/Projekte/Erinnerungsapp/node_modules/.bin/capacitor': '/Users/parchno/Projekte/Erinnerungsapp/node_modules/.bin/.capacitor-XOx4PIzY',
165 silly reify   '/Users/parchno/Projekte/Erinnerungsapp/node_modules/@ionic/utils-array': '/Users/parchno/Projekte/Erinnerungsapp/node_modules/@ionic/.utils-array-Eo21MRd9',
165 silly reify   '/Users/parchno/Projekte/Erinnerungsapp/node_modules/@ionic/utils-object': '/Users/parchno/Projekte/Erinnerungsapp/node_modules/@ionic/.utils-object-aUIzdRkt',
165 silly reify   '/Users/parchno/Projekte/Erinnerungsapp/node_modules/@ionic/utils-process': '/Users/parchno/Projekte/Erinnerungsapp/node_modules/@ionic/.utils-process-a5U8Fklu',
165 silly reify   '/Users/parchno/Projekte/Erinnerungsapp/node_modules/@ionic/utils-stream': '/Users/parchno/Projekte/Erinnerungsapp/node_modules/@ionic/.utils-stream-yJ4gfsde',
165 silly reify   '/Users/parchno/Projekte/Erinnerungsapp/node_modules/@ionic/utils-subprocess': '/Users/parchno/Projekte/Erinnerungsapp/node_modules/@ionic/.utils-subprocess-LDSwMhSO',
165 silly reify   '/Users/parchno/Projekte/Erinnerungsapp/node_modules/brace-expansion': '/Users/parchno/Projekte/Erinnerungsapp/node_modules/.brace-expansion-vtwN0ZE0',
165 silly reify   '/Users/parchno/Projekte/Erinnerungsapp/node_modules/chownr': '/Users/parchno/Projekte/Erinnerungsapp/node_modules/.chownr-78kG5b1Y',
165 silly reify   '/Users/parchno/Projekte/Erinnerungsapp/node_modules/commander': '/Users/parchno/Projekte/Erinnerungsapp/node_modules/.commander-fnEl8xwQ',
165 silly reify   '/Users/parchno/Projekte/Erinnerungsapp/node_modules/fs-minipass': '/Users/parchno/Projekte/Erinnerungsapp/node_modules/.fs-minipass-EAFuHsh9',
165 silly reify   '/Users/parchno/Projekte/Erinnerungsapp/node_modules/fs.realpath': '/Users/parchno/Projekte/Erinnerungsapp/node_modules/.fs.realpath-QSbLJv7a',
165 silly reify   '/Users/parchno/Projekte/Erinnerungsapp/node_modules/glob': '/Users/parchno/Projekte/Erinnerungsapp/node_modules/.glob-gTqhqzhC',
165 silly reify   '/Users/parchno/Projekte/Erinnerungsapp/node_modules/lru-cache': '/Users/parchno/Projekte/Erinnerungsapp/node_modules/.lru-cache-7ttxVA49',
165 silly reify   '/Users/parchno/Projekte/Erinnerungsapp/node_modules/minimatch': '/Users/parchno/Projekte/Erinnerungsapp/node_modules/.minimatch-gI6EvjKz',
165 silly reify   '/Users/parchno/Projekte/Erinnerungsapp/node_modules/minipass': '/Users/parchno/Projekte/Erinnerungsapp/node_modules/.minipass-LZ7kz23p',
165 silly reify   '/Users/parchno/Projekte/Erinnerungsapp/node_modules/minizlib': '/Users/parchno/Projekte/Erinnerungsapp/node_modules/.minizlib-YG8gvonu',
165 silly reify   '/Users/parchno/Projekte/Erinnerungsapp/node_modules/mkdirp': '/Users/parchno/Projekte/Erinnerungsapp/node_modules/.mkdirp-fV0HhOld',
165 silly reify   '/Users/parchno/Projekte/Erinnerungsapp/node_modules/.bin/mkdirp': '/Users/parchno/Projekte/Erinnerungsapp/node_modules/.bin/.mkdirp-mR89NyoJ',
165 silly reify   '/Users/parchno/Projekte/Erinnerungsapp/node_modules/path-scurry': '/Users/parchno/Projekte/Erinnerungsapp/node_modules/.path-scurry-qPx0NoOd',
165 silly reify   '/Users/parchno/Projekte/Erinnerungsapp/node_modules/rimraf': '/Users/parchno/Projekte/Erinnerungsapp/node_modules/.rimraf-gAgB6QQH',
165 silly reify   '/Users/parchno/Projekte/Erinnerungsapp/node_modules/.bin/rimraf': '/Users/parchno/Projekte/Erinnerungsapp/node_modules/.bin/.rimraf-j5O5bDrA',
165 silly reify   '/Users/parchno/Projekte/Erinnerungsapp/node_modules/tar': '/Users/parchno/Projekte/Erinnerungsapp/node_modules/.tar-dKUiY9Ci',
165 silly reify   '/Users/parchno/Projekte/Erinnerungsapp/node_modules/xml2js': '/Users/parchno/Projekte/Erinnerungsapp/node_modules/.xml2js-SfLXZaMB',
165 silly reify   '/Users/parchno/Projekte/Erinnerungsapp/node_modules/yallist': '/Users/parchno/Projekte/Erinnerungsapp/node_modules/.yallist-psGac1OI'
165 silly reify }
166 http cache tar@https://registry.npmjs.org/tar/-/tar-7.5.21.tgz 0ms (cache hit)
167 http cache path-scurry@https://registry.npmjs.org/path-scurry/-/path-scurry-2.0.2.tgz 0ms (cache hit)
168 http cache minizlib@https://registry.npmjs.org/minizlib/-/minizlib-3.1.0.tgz 0ms (cache hit)
169 http cache package-json-from-dist@https://registry.npmjs.org/package-json-from-dist/-/package-json-from-dist-1.0.1.tgz 0ms (cache hit)
170 http cache @isaacs/fs-minipass@https://registry.npmjs.org/@isaacs/fs-minipass/-/fs-minipass-4.0.1.tgz 0ms (cache hit)
171 http cache yallist@https://registry.npmjs.org/yallist/-/yallist-5.0.0.tgz 0ms (cache hit)
172 http cache xml2js@https://registry.npmjs.org/xml2js/-/xml2js-0.6.2.tgz 0ms (cache hit)
173 http cache rimraf@https://registry.npmjs.org/rimraf/-/rimraf-6.1.3.tgz 0ms (cache hit)
174 http cache minipass@https://registry.npmjs.org/minipass/-/minipass-7.1.3.tgz 0ms (cache hit)
175 http cache minimatch@https://registry.npmjs.org/minimatch/-/minimatch-10.2.5.tgz 0ms (cache hit)
176 http cache lru-cache@https://registry.npmjs.org/lru-cache/-/lru-cache-11.5.2.tgz 0ms (cache hit)
177 http cache glob@https://registry.npmjs.org/glob/-/glob-13.0.6.tgz 0ms (cache hit)
178 http cache commander@https://registry.npmjs.org/commander/-/commander-12.1.0.tgz 0ms (cache hit)
179 http cache chownr@https://registry.npmjs.org/chownr/-/chownr-3.0.0.tgz 0ms (cache hit)
180 http cache @ionic/utils-subprocess@https://registry.npmjs.org/@ionic/utils-subprocess/-/utils-subprocess-3.0.1.tgz 0ms (cache hit)
181 http cache @ionic/utils-process@https://registry.npmjs.org/@ionic/utils-process/-/utils-process-2.1.12.tgz 0ms (cache hit)
182 silly tarball no local data for tar@https://registry.npmjs.org/tar/-/tar-7.5.21.tgz. Extracting by manifest.
183 silly tarball no local data for path-scurry@https://registry.npmjs.org/path-scurry/-/path-scurry-2.0.2.tgz. Extracting by manifest.
184 http cache @ionic/utils-stream@https://registry.npmjs.org/@ionic/utils-stream/-/utils-stream-3.1.7.tgz 0ms (cache hit)
185 http cache @ionic/utils-array@https://registry.npmjs.org/@ionic/utils-array/-/utils-array-2.1.6.tgz 0ms (cache hit)
186 http cache @ionic/utils-object@https://registry.npmjs.org/@ionic/utils-object/-/utils-object-2.1.6.tgz 0ms (cache hit)
187 http cache @capacitor/cli@https://registry.npmjs.org/@capacitor/cli/-/cli-8.4.1.tgz 0ms (cache hit)
188 http cache balanced-match@https://registry.npmjs.org/balanced-match/-/balanced-match-4.0.4.tgz 0ms (cache hit)
189 http cache brace-expansion@https://registry.npmjs.org/brace-expansion/-/brace-expansion-5.0.7.tgz 0ms (cache hit)
190 http cache fs-extra@https://registry.npmjs.org/fs-extra/-/fs-extra-11.3.6.tgz 0ms (cache hit)
191 silly tarball no local data for minizlib@https://registry.npmjs.org/minizlib/-/minizlib-3.1.0.tgz. Extracting by manifest.
192 silly tarball no local data for package-json-from-dist@https://registry.npmjs.org/package-json-from-dist/-/package-json-from-dist-1.0.1.tgz. Extracting by manifest.
193 silly tarball no local data for @isaacs/fs-minipass@https://registry.npmjs.org/@isaacs/fs-minipass/-/fs-minipass-4.0.1.tgz. Extracting by manifest.
194 silly tarball no local data for yallist@https://registry.npmjs.org/yallist/-/yallist-5.0.0.tgz. Extracting by manifest.
195 silly tarball no local data for xml2js@https://registry.npmjs.org/xml2js/-/xml2js-0.6.2.tgz. Extracting by manifest.
196 silly tarball no local data for rimraf@https://registry.npmjs.org/rimraf/-/rimraf-6.1.3.tgz. Extracting by manifest.
197 silly tarball no local data for minipass@https://registry.npmjs.org/minipass/-/minipass-7.1.3.tgz. Extracting by manifest.
198 silly tarball no local data for minimatch@https://registry.npmjs.org/minimatch/-/minimatch-10.2.5.tgz. Extracting by manifest.
199 silly tarball no local data for lru-cache@https://registry.npmjs.org/lru-cache/-/lru-cache-11.5.2.tgz. Extracting by manifest.
200 silly tarball no local data for glob@https://registry.npmjs.org/glob/-/glob-13.0.6.tgz. Extracting by manifest.
201 silly tarball no local data for commander@https://registry.npmjs.org/commander/-/commander-12.1.0.tgz. Extracting by manifest.
202 silly tarball no local data for chownr@https://registry.npmjs.org/chownr/-/chownr-3.0.0.tgz. Extracting by manifest.
203 silly tarball no local data for @ionic/utils-subprocess@https://registry.npmjs.org/@ionic/utils-subprocess/-/utils-subprocess-3.0.1.tgz. Extracting by manifest.
204 silly tarball no local data for @ionic/utils-process@https://registry.npmjs.org/@ionic/utils-process/-/utils-process-2.1.12.tgz. Extracting by manifest.
205 silly tarball no local data for @ionic/utils-stream@https://registry.npmjs.org/@ionic/utils-stream/-/utils-stream-3.1.7.tgz. Extracting by manifest.
206 silly tarball no local data for @ionic/utils-array@https://registry.npmjs.org/@ionic/utils-array/-/utils-array-2.1.6.tgz. Extracting by manifest.
207 silly tarball no local data for @ionic/utils-object@https://registry.npmjs.org/@ionic/utils-object/-/utils-object-2.1.6.tgz. Extracting by manifest.
208 silly tarball no local data for @capacitor/cli@https://registry.npmjs.org/@capacitor/cli/-/cli-8.4.1.tgz. Extracting by manifest.
209 silly tarball no local data for balanced-match@https://registry.npmjs.org/balanced-match/-/balanced-match-4.0.4.tgz. Extracting by manifest.
210 silly tarball no local data for brace-expansion@https://registry.npmjs.org/brace-expansion/-/brace-expansion-5.0.7.tgz. Extracting by manifest.
211 silly tarball no local data for fs-extra@https://registry.npmjs.org/fs-extra/-/fs-extra-11.3.6.tgz. Extracting by manifest.
212 http fetch GET 200 https://registry.npmjs.org/yallist/-/yallist-5.0.0.tgz 112ms (cache miss)
213 http fetch GET 200 https://registry.npmjs.org/minizlib/-/minizlib-3.1.0.tgz 200ms (cache miss)
214 http fetch GET 200 https://registry.npmjs.org/package-json-from-dist/-/package-json-from-dist-1.0.1.tgz 246ms (cache miss)
215 http fetch GET 200 https://registry.npmjs.org/@isaacs/fs-minipass/-/fs-minipass-4.0.1.tgz 292ms (cache miss)
216 http fetch GET 200 https://registry.npmjs.org/minipass/-/minipass-7.1.3.tgz 313ms (cache miss)
217 http fetch GET 200 https://registry.npmjs.org/balanced-match/-/balanced-match-4.0.4.tgz 310ms (cache miss)
218 http fetch GET 200 https://registry.npmjs.org/path-scurry/-/path-scurry-2.0.2.tgz 365ms (cache miss)
219 http fetch GET 200 https://registry.npmjs.org/@ionic/utils-stream/-/utils-stream-3.1.7.tgz 359ms (cache miss)
220 http fetch GET 200 https://registry.npmjs.org/@ionic/utils-process/-/utils-process-2.1.12.tgz 378ms (cache miss)
221 http fetch GET 200 https://registry.npmjs.org/@ionic/utils-array/-/utils-array-2.1.6.tgz 394ms (cache miss)
222 http fetch GET 200 https://registry.npmjs.org/chownr/-/chownr-3.0.0.tgz 407ms (cache miss)
223 http fetch GET 200 https://registry.npmjs.org/@ionic/utils-object/-/utils-object-2.1.6.tgz 416ms (cache miss)
224 http fetch GET 200 https://registry.npmjs.org/brace-expansion/-/brace-expansion-5.0.7.tgz 443ms (cache miss)
225 http fetch GET 200 https://registry.npmjs.org/commander/-/commander-12.1.0.tgz 454ms (cache miss)
226 http fetch GET 200 https://registry.npmjs.org/@ionic/utils-subprocess/-/utils-subprocess-3.0.1.tgz 463ms (cache miss)
227 http fetch GET 200 https://registry.npmjs.org/fs-extra/-/fs-extra-11.3.6.tgz 513ms (cache miss)
228 http fetch GET 200 https://registry.npmjs.org/xml2js/-/xml2js-0.6.2.tgz 558ms (cache miss)
229 http fetch GET 200 https://registry.npmjs.org/minimatch/-/minimatch-10.2.5.tgz 557ms (cache miss)
230 http fetch GET 200 https://registry.npmjs.org/@capacitor/cli/-/cli-8.4.1.tgz 780ms (cache miss)
231 http fetch GET 200 https://registry.npmjs.org/glob/-/glob-13.0.6.tgz 792ms (cache miss)
232 http fetch GET 200 https://registry.npmjs.org/rimraf/-/rimraf-6.1.3.tgz 817ms (cache miss)
233 http fetch GET 200 https://registry.npmjs.org/lru-cache/-/lru-cache-11.5.2.tgz 839ms (cache miss)
234 http fetch GET 200 https://registry.npmjs.org/tar/-/tar-7.5.21.tgz 955ms (cache miss)
235 silly ADD node_modules/@isaacs/fs-minipass
236 silly ADD node_modules/package-json-from-dist
237 silly CHANGE node_modules/yallist
238 silly CHANGE node_modules/xml2js
239 silly CHANGE node_modules/tar
240 silly REMOVE node_modules/tar/node_modules/minipass
241 silly CHANGE node_modules/rimraf
242 silly CHANGE node_modules/path-scurry
243 silly REMOVE node_modules/path-scurry/node_modules/minipass
244 silly REMOVE node_modules/mkdirp
245 silly CHANGE node_modules/minizlib
246 silly REMOVE node_modules/minizlib/node_modules/minipass
247 silly CHANGE node_modules/minipass
248 silly CHANGE node_modules/minimatch
249 silly CHANGE node_modules/lru-cache
250 silly CHANGE node_modules/glob
251 silly REMOVE node_modules/fs.realpath
252 silly REMOVE node_modules/fs-minipass
253 silly REMOVE node_modules/fs-minipass/node_modules/minipass
254 silly CHANGE node_modules/commander
255 silly CHANGE node_modules/chownr
256 silly CHANGE node_modules/brace-expansion
257 silly ADD node_modules/brace-expansion/node_modules/balanced-match
258 silly CHANGE node_modules/@ionic/utils-subprocess
259 silly REMOVE node_modules/@ionic/utils-subprocess/node_modules/@ionic/utils-terminal
260 silly REMOVE node_modules/@ionic/utils-subprocess/node_modules/@ionic/utils-fs
261 silly CHANGE node_modules/@ionic/utils-stream
262 silly CHANGE node_modules/@ionic/utils-process
263 silly REMOVE node_modules/@ionic/utils-process/node_modules/@ionic/utils-terminal
264 silly CHANGE node_modules/@ionic/utils-object
265 silly CHANGE node_modules/@ionic/utils-array
266 silly CHANGE node_modules/@capacitor/cli
267 silly ADD node_modules/@capacitor/cli/node_modules/fs-extra
268 verbose cwd /Users/parchno/Projekte/Erinnerungsapp
269 verbose os Darwin 24.6.0
270 verbose node v24.18.0
271 verbose npm  v11.16.0
272 verbose exit 0
273 info ok
