0 verbose cli /usr/local/bin/node /usr/local/bin/npm
1 info using npm@11.16.0
2 info using node@v24.18.0
3 silly config load:file:/usr/local/lib/node_modules/npm/npmrc
4 silly config load:file:/Users/parchno/Projekte/Erinnerungsapp/.npmrc
5 silly config load:file:/Users/parchno/.npmrc
6 silly config load:file:/usr/local/etc/npmrc
7 verbose title npm install @capacitor/core@8.4.1
8 verbose argv "install" "@capacitor/core@8.4.1" "--save" "--cache" "./npm-cache" "--no-audit" "--no-fund"
9 verbose logfile logs-max:10 dir:/Users/parchno/Projekte/Erinnerungsapp/npm-cache/_logs/2026-07-22T10_11_21_709Z-
10 verbose logfile /Users/parchno/Projekte/Erinnerungsapp/npm-cache/_logs/2026-07-22T10_11_21_709Z-debug-0.log
11 silly logfile done cleaning log files
12 silly packumentCache heap:4496293888 maxSize:1124073472 maxEntrySize:562036736
13 silly idealTree buildDeps
14 silly fetch manifest @capacitor/core@8.4.1
15 silly packumentCache full:https://registry.npmjs.org/@capacitor%2fcore cache-miss
16 http cache https://registry.npmjs.org/@capacitor%2fcore 90ms (cache hit)
17 silly packumentCache full:https://registry.npmjs.org/@capacitor%2fcore set size:4642555 disposed:false
18 silly placeDep ROOT @capacitor/core@8.4.1 REPLACE for: erinnerungsapp@0.1.0 want: 8.4.1
19 silly reify mark retired [
19 silly reify   '/Users/parchno/Projekte/Erinnerungsapp/node_modules/@capacitor/core'
19 silly reify ]
20 silly reify moves {
20 silly reify   '/Users/parchno/Projekte/Erinnerungsapp/node_modules/@capacitor/core': '/Users/parchno/Projekte/Erinnerungsapp/node_modules/@capacitor/.core-N2OSGoiL'
20 silly reify }
21 http cache @capacitor/core@https://registry.npmjs.org/@capacitor/core/-/core-8.4.1.tgz 0ms (cache hit)
22 silly tarball no local data for @capacitor/core@https://registry.npmjs.org/@capacitor/core/-/core-8.4.1.tgz. Extracting by manifest.
23 http fetch GET 200 https://registry.npmjs.org/@capacitor/core/-/core-8.4.1.tgz 389ms (cache miss)
24 silly CHANGE node_modules/@capacitor/core
25 verbose cwd /Users/parchno/Projekte/Erinnerungsapp
26 verbose os Darwin 24.6.0
27 verbose node v24.18.0
28 verbose npm  v11.16.0
29 verbose exit 0
30 info ok
