0 verbose cli /usr/local/bin/node /usr/local/bin/npm
1 info using npm@11.16.0
2 info using node@v24.18.0
3 silly config load:file:/usr/local/lib/node_modules/npm/npmrc
4 silly config load:file:/Users/parchno/Projekte/Erinnerungsapp/.npmrc
5 silly config load:file:/Users/parchno/.npmrc
6 silly config load:file:/usr/local/etc/npmrc
7 verbose title npm install @capacitor/core@8.4.1
8 verbose argv "install" "@capacitor/core@8.4.1" "--save" "--cache" "./npm-cache" "--no-audit" "--no-fund"
9 verbose logfile logs-max:10 dir:/Users/parchno/Projekte/Erinnerungsapp/npm-cache/_logs/2026-07-22T10_11_36_182Z-
10 verbose logfile /Users/parchno/Projekte/Erinnerungsapp/npm-cache/_logs/2026-07-22T10_11_36_182Z-debug-0.log
11 silly logfile done cleaning log files
12 silly packumentCache heap:4496293888 maxSize:1124073472 maxEntrySize:562036736
13 silly idealTree buildDeps
14 silly fetch manifest @capacitor/core@8.4.1
15 silly packumentCache full:https://registry.npmjs.org/@capacitor%2fcore cache-miss
16 http cache https://registry.npmjs.org/@capacitor%2fcore 91ms (cache hit)
17 silly packumentCache full:https://registry.npmjs.org/@capacitor%2fcore set size:4642555 disposed:false
18 silly placeDep ROOT @capacitor/core@8.4.1 REPLACE for: erinnerungsapp@0.1.0 want: 8.4.1
19 silly reify moves {}
20 verbose cwd /Users/parchno/Projekte/Erinnerungsapp
21 verbose os Darwin 24.6.0
22 verbose node v24.18.0
23 verbose npm  v11.16.0
24 verbose exit 0
25 info ok
